../Core/Src/main.c:88:6:update_data	16	static
../Core/Src/main.c:105:6:HAL_FDCAN_RxFio0Callback	16	static
../Core/Src/main.c:133:6:HAL_FDCAN_RxFio1Callback	16	static
../Core/Src/main.c:159:5:main	8	static
../Core/Src/main.c:245:6:SystemClock_Config	120	static
../Core/Src/main.c:303:13:MX_FDCAN1_Init	40	static
../Core/Src/main.c:381:13:MX_FDCAN2_Init	8	static
../Core/Src/main.c:431:13:MX_GPIO_Init	16	static
../Core/Src/main.c:449:6:MPU_Config	24	static
../Core/Src/main.c:478:6:Error_Handler	4	static,ignoring_inline_asm
