../Core/Src/main.c:124:5:main	8	static
../Core/Src/main.c:210:6:SystemClock_Config	120	static
../Core/Src/main.c:270:13:MX_ADC1_Init	56	static
../Core/Src/main.c:472:13:MX_FDCAN2_Init	8	static
../Core/Src/main.c:525:13:MX_FDCAN3_Init	8	static
../Core/Src/main.c:578:13:MX_I2C1_Init	8	static
../Core/Src/main.c:626:13:MX_SPI1_Init	8	static
../Core/Src/main.c:674:13:MX_SPI3_Init	8	static
../Core/Src/main.c:722:13:MX_SPI4_Init	8	static
../Core/Src/main.c:770:13:MX_USART1_UART_Init	8	static
../Core/Src/main.c:818:13:MX_USART2_UART_Init	8	static
../Core/Src/main.c:866:13:MX_USART3_UART_Init	8	static
../Core/Src/main.c:912:13:MX_DMA_Init	16	static
../Core/Src/main.c:930:13:MX_GPIO_Init	64	static
../Core/Src/main.c:986:6:HAL_ADC_ConvCpltCallback	16	static
../Core/Src/main.c:991:6:HMICMD	16	static
../Core/Src/main.c:1002:6:Error_Handler	4	static,ignoring_inline_asm
