../Core/Src/main.c:114:5:main	8	static
../Core/Src/main.c:218:6:SystemClock_Config	120	static
../Core/Src/main.c:279:13:MX_ETH_Init	8	static
../Core/Src/main.c:328:13:MX_FDCAN1_Init	40	static
../Core/Src/main.c:395:13:MX_FDCAN2_Init	40	static
../Core/Src/main.c:461:13:MX_USART3_UART_Init	8	static
../Core/Src/main.c:509:13:MX_USB_OTG_FS_PCD_Init	8	static
../Core/Src/main.c:545:13:MX_GPIO_Init	56	static
../Core/Src/main.c:609:6:HAL_FDCAN_RxFifo1Callback	16	static
../Core/Src/main.c:636:6:HAL_FDCAN_RxFifo0Callback	16	static
../Core/Src/main.c:660:6:Error_Handler	24	static,ignoring_inline_asm
