../Core/Src/main.c:109:6:HAL_FDCAN_RxFifo0Callback	16	static
../Core/Src/main.c:129:6:HAL_FDCAN_RxFifo1Callback	16	static
../Core/Src/main.c:161:5:main	8	static
../Core/Src/main.c:265:6:SystemClock_Config	120	static
../Core/Src/main.c:326:13:MX_ETH_Init	8	static
../Core/Src/main.c:375:13:MX_FDCAN1_Init	40	static
../Core/Src/main.c:443:13:MX_FDCAN2_Init	40	static
../Core/Src/main.c:512:13:MX_USART3_UART_Init	8	static
../Core/Src/main.c:560:13:MX_USB_OTG_FS_PCD_Init	8	static
../Core/Src/main.c:596:13:MX_GPIO_Init	56	static
../Core/Src/main.c:665:6:Error_Handler	24	static,ignoring_inline_asm
