../Core/Src/main.c:102:5:main	8	static
../Core/Src/main.c:149:6:SystemClock_Config	120	static
../Core/Src/main.c:210:13:MX_ETH_Init	8	static
../Core/Src/main.c:259:13:MX_TIM2_Init	40	static
../Core/Src/main.c:304:13:MX_USART3_UART_Init	8	static
../Core/Src/main.c:352:13:MX_USB_OTG_FS_PCD_Init	8	static
../Core/Src/main.c:388:13:MX_GPIO_Init	64	static
../Core/Src/main.c:461:6:printer	296	static
../Core/Src/main.c:469:6:messanger	272	static
../Core/Src/main.c:474:6:HAL_GPIO_EXTI_Callback	24	static
../Core/Src/main.c:495:6:Error_Handler	4	static,ignoring_inline_asm
