../Core/Src/main.c:106:5:main	1
../Core/Src/main.c:202:6:SystemClock_Config	4
../Core/Src/main.c:263:13:MX_ETH_Init	2
../Core/Src/main.c:312:13:MX_I2C1_Init	4
../Core/Src/main.c:360:13:MX_TIM2_Init	4
../Core/Src/main.c:405:13:MX_USART2_UART_Init	5
../Core/Src/main.c:453:13:MX_USART3_UART_Init	5
../Core/Src/main.c:501:13:MX_USB_OTG_FS_PCD_Init	2
../Core/Src/main.c:537:13:MX_GPIO_Init	1
../Core/Src/main.c:606:10:lapTimer	7
../Core/Src/main.c:616:6:printer	1
../Core/Src/main.c:624:6:messanger	1
../Core/Src/main.c:636:6:Error_Handler	1
