../Core/Src/main.c:106:5:main	16	static
../Core/Src/main.c:202:6:SystemClock_Config	120	static
../Core/Src/main.c:263:13:MX_ETH_Init	8	static
../Core/Src/main.c:312:13:MX_I2C1_Init	8	static
../Core/Src/main.c:360:13:MX_TIM2_Init	40	static
../Core/Src/main.c:405:13:MX_USART2_UART_Init	8	static
../Core/Src/main.c:453:13:MX_USART3_UART_Init	8	static
../Core/Src/main.c:501:13:MX_USB_OTG_FS_PCD_Init	8	static
../Core/Src/main.c:537:13:MX_GPIO_Init	64	static
../Core/Src/main.c:606:10:lapTimer	24	static
../Core/Src/main.c:616:6:printer	296	static
../Core/Src/main.c:624:6:messanger	272	static
../Core/Src/main.c:636:6:Error_Handler	4	static,ignoring_inline_asm
