../Core/Src/main.c:108:5:main	1
../Core/Src/main.c:159:6:SystemClock_Config	4
../Core/Src/main.c:220:13:MX_ETH_Init	2
../Core/Src/main.c:269:13:MX_I2C1_Init	4
../Core/Src/main.c:317:13:MX_TIM2_Init	4
../Core/Src/main.c:362:13:MX_USART2_UART_Init	5
../Core/Src/main.c:410:13:MX_USART3_UART_Init	5
../Core/Src/main.c:458:13:MX_USB_OTG_FS_PCD_Init	2
../Core/Src/main.c:494:13:MX_GPIO_Init	1
../Core/Src/main.c:563:6:printer	1
../Core/Src/main.c:571:6:messanger	1
../Core/Src/main.c:577:6:HAL_GPIO_EXTI_Callback	2
../Core/Src/main.c:595:6:Error_Handler	1
